{"version":8,"type":"context-options","origin":"library","browserName":"","playwrightVersion":"1.60.0","options":{},"platform":"win32","wallTime":1778622873865,"monotonicTime":1102.742,"sdkLanguage":"javascript","contextId":"request-context@ac26d5c6bdbcaac9e558660c94617ed6","title":"artifact-flow.spec.js:5 › complex backend flow - upload, poll, fetch artifact, download"}
{"type":"before","callId":"call@5","startTime":1108.495,"class":"APIRequestContext","method":"fetch","params":{"url":"http://127.0.0.1:3000/jobs","method":"POST","jsonData":"{}","timeout":0},"stepId":"pw:api@34"}
{"type":"log","callId":"call@5","time":1118.252,"message":"→ POST http://127.0.0.1:3000/jobs"}
{"type":"log","callId":"call@5","time":1118.291,"message":"  user-agent: Playwright/1.60.0 (x64; windows 10.0) node/24.15"}
{"type":"log","callId":"call@5","time":1118.299,"message":"  accept: */*"}
{"type":"log","callId":"call@5","time":1118.304,"message":"  accept-encoding: gzip,deflate,br"}
{"type":"log","callId":"call@5","time":1118.312,"message":"  content-type: application/json"}
{"type":"log","callId":"call@5","time":1118.324,"message":"  content-length: 2"}
{"type":"log","callId":"call@5","time":1170.019,"message":"← 201 Created"}
{"type":"log","callId":"call@5","time":1170.04,"message":"  x-powered-by: Express"}
{"type":"log","callId":"call@5","time":1170.054,"message":"  access-control-allow-origin: *"}
{"type":"log","callId":"call@5","time":1170.063,"message":"  content-type: application/json; charset=utf-8"}
{"type":"log","callId":"call@5","time":1170.068,"message":"  content-length: 118"}
{"type":"log","callId":"call@5","time":1170.071,"message":"  etag: W/\"76-dzwn7ujsXfmDA4PWZ1HvGN03HW8\""}
{"type":"log","callId":"call@5","time":1170.074,"message":"  date: Tue, 12 May 2026 21:54:33 GMT"}
{"type":"log","callId":"call@5","time":1170.076,"message":"  connection: keep-alive"}
{"type":"log","callId":"call@5","time":1170.079,"message":"  keep-alive: timeout=5"}
{"type":"after","callId":"call@5","endTime":1170.182,"result":{"response":{"url":"http://127.0.0.1:3000/jobs","status":201,"statusText":"Created","headers":[{"name":"X-Powered-By","value":"Express"},{"name":"Access-Control-Allow-Origin","value":"*"},{"name":"Content-Type","value":"application/json; charset=utf-8"},{"name":"Content-Length","value":"118"},{"name":"ETag","value":"W/\"76-dzwn7ujsXfmDA4PWZ1HvGN03HW8\""},{"name":"Date","value":"Tue, 12 May 2026 21:54:33 GMT"},{"name":"Connection","value":"keep-alive"},{"name":"Keep-Alive","value":"timeout=5"}],"body":"<Buffer>","fetchUid":"d97a2b49c989ce1bf519877ef8b851f4"}}}
{"type":"before","callId":"call@8","startTime":1177.989,"class":"APIRequestContext","method":"fetch","params":{"url":"http://127.0.0.1:3000/artifacts/artifact-1778622873918-573/upload","method":"POST","multipartData":[{"name":"file","file":{"name":"sample-contract.txt","mimeType":"text/plain","buffer":"<Buffer>"}}],"timeout":0},"stepId":"pw:api@39"}
{"type":"log","callId":"call@8","time":1178.666,"message":"→ POST http://127.0.0.1:3000/artifacts/artifact-1778622873918-573/upload"}
{"type":"log","callId":"call@8","time":1178.677,"message":"  user-agent: Playwright/1.60.0 (x64; windows 10.0) node/24.15"}
{"type":"log","callId":"call@8","time":1178.68,"message":"  accept: */*"}
{"type":"log","callId":"call@8","time":1178.682,"message":"  accept-encoding: gzip,deflate,br"}
{"type":"log","callId":"call@8","time":1178.685,"message":"  content-type: multipart/form-data; boundary=----WebKitFormBoundaryV5gXEW4Zyms2HiYO"}
{"type":"log","callId":"call@8","time":1178.687,"message":"  content-length: 269"}
{"type":"log","callId":"call@8","time":1192.531,"message":"← 200 OK"}
{"type":"log","callId":"call@8","time":1192.542,"message":"  x-powered-by: Express"}
{"type":"log","callId":"call@8","time":1192.547,"message":"  access-control-allow-origin: *"}
{"type":"log","callId":"call@8","time":1192.55,"message":"  content-type: application/json; charset=utf-8"}
{"type":"log","callId":"call@8","time":1192.59,"message":"  content-length: 137"}
{"type":"log","callId":"call@8","time":1192.593,"message":"  etag: W/\"89-O9LqcEJaGtJrZhAGP6dBMhSgyV0\""}
{"type":"log","callId":"call@8","time":1192.596,"message":"  date: Tue, 12 May 2026 21:54:33 GMT"}
{"type":"log","callId":"call@8","time":1192.6,"message":"  connection: keep-alive"}
{"type":"log","callId":"call@8","time":1192.603,"message":"  keep-alive: timeout=5"}
{"type":"after","callId":"call@8","endTime":1192.714,"result":{"response":{"url":"http://127.0.0.1:3000/artifacts/artifact-1778622873918-573/upload","status":200,"statusText":"OK","headers":[{"name":"X-Powered-By","value":"Express"},{"name":"Access-Control-Allow-Origin","value":"*"},{"name":"Content-Type","value":"application/json; charset=utf-8"},{"name":"Content-Length","value":"137"},{"name":"ETag","value":"W/\"89-O9LqcEJaGtJrZhAGP6dBMhSgyV0\""},{"name":"Date","value":"Tue, 12 May 2026 21:54:33 GMT"},{"name":"Connection","value":"keep-alive"},{"name":"Keep-Alive","value":"timeout=5"}],"body":"<Buffer>","fetchUid":"a6cfbda2c376b4f6aca056d74d8fd1a5"}}}
{"type":"before","callId":"call@11","startTime":1201.03,"class":"APIRequestContext","method":"fetch","params":{"url":"http://127.0.0.1:3000/jobs/job-1778622873918-405","method":"GET","timeout":0},"stepId":"pw:api@44"}
{"type":"log","callId":"call@11","time":1201.651,"message":"→ GET http://127.0.0.1:3000/jobs/job-1778622873918-405"}
{"type":"log","callId":"call@11","time":1201.71,"message":"  user-agent: Playwright/1.60.0 (x64; windows 10.0) node/24.15"}
{"type":"log","callId":"call@11","time":1201.718,"message":"  accept: */*"}
{"type":"log","callId":"call@11","time":1201.724,"message":"  accept-encoding: gzip,deflate,br"}
{"type":"log","callId":"call@11","time":1205.095,"message":"← 200 OK"}
{"type":"log","callId":"call@11","time":1205.12,"message":"  x-powered-by: Express"}
{"type":"log","callId":"call@11","time":1205.136,"message":"  access-control-allow-origin: *"}
{"type":"log","callId":"call@11","time":1205.147,"message":"  content-type: application/json; charset=utf-8"}
{"type":"log","callId":"call@11","time":1205.158,"message":"  content-length: 97"}
{"type":"log","callId":"call@11","time":1205.168,"message":"  etag: W/\"61-E2UTQ0clRRmP4Wcd8v25uViKcag\""}
{"type":"log","callId":"call@11","time":1205.179,"message":"  date: Tue, 12 May 2026 21:54:33 GMT"}
{"type":"log","callId":"call@11","time":1205.189,"message":"  connection: keep-alive"}
{"type":"log","callId":"call@11","time":1205.199,"message":"  keep-alive: timeout=5"}
{"type":"after","callId":"call@11","endTime":1205.408,"result":{"response":{"url":"http://127.0.0.1:3000/jobs/job-1778622873918-405","status":200,"statusText":"OK","headers":[{"name":"X-Powered-By","value":"Express"},{"name":"Access-Control-Allow-Origin","value":"*"},{"name":"Content-Type","value":"application/json; charset=utf-8"},{"name":"Content-Length","value":"97"},{"name":"ETag","value":"W/\"61-E2UTQ0clRRmP4Wcd8v25uViKcag\""},{"name":"Date","value":"Tue, 12 May 2026 21:54:33 GMT"},{"name":"Connection","value":"keep-alive"},{"name":"Keep-Alive","value":"timeout=5"}],"body":"<Buffer>","fetchUid":"9ed031066c38169e900ade33bcf31474"}}}
{"type":"before","callId":"call@14","startTime":2236.457,"class":"APIRequestContext","method":"fetch","params":{"url":"http://127.0.0.1:3000/jobs/job-1778622873918-405","method":"GET","timeout":0},"stepId":"pw:api@46"}
{"type":"log","callId":"call@14","time":2238.225,"message":"→ GET http://127.0.0.1:3000/jobs/job-1778622873918-405"}
{"type":"log","callId":"call@14","time":2238.262,"message":"  user-agent: Playwright/1.60.0 (x64; windows 10.0) node/24.15"}
{"type":"log","callId":"call@14","time":2238.272,"message":"  accept: */*"}
{"type":"log","callId":"call@14","time":2238.278,"message":"  accept-encoding: gzip,deflate,br"}
{"type":"log","callId":"call@14","time":2241.784,"message":"← 200 OK"}
{"type":"log","callId":"call@14","time":2241.801,"message":"  x-powered-by: Express"}
{"type":"log","callId":"call@14","time":2241.809,"message":"  access-control-allow-origin: *"}
{"type":"log","callId":"call@14","time":2241.814,"message":"  content-type: application/json; charset=utf-8"}
{"type":"log","callId":"call@14","time":2241.819,"message":"  content-length: 97"}
{"type":"log","callId":"call@14","time":2241.824,"message":"  etag: W/\"61-E2UTQ0clRRmP4Wcd8v25uViKcag\""}
{"type":"log","callId":"call@14","time":2241.829,"message":"  date: Tue, 12 May 2026 21:54:34 GMT"}
{"type":"log","callId":"call@14","time":2241.835,"message":"  connection: keep-alive"}
{"type":"log","callId":"call@14","time":2241.84,"message":"  keep-alive: timeout=5"}
{"type":"after","callId":"call@14","endTime":2242.017,"result":{"response":{"url":"http://127.0.0.1:3000/jobs/job-1778622873918-405","status":200,"statusText":"OK","headers":[{"name":"X-Powered-By","value":"Express"},{"name":"Access-Control-Allow-Origin","value":"*"},{"name":"Content-Type","value":"application/json; charset=utf-8"},{"name":"Content-Length","value":"97"},{"name":"ETag","value":"W/\"61-E2UTQ0clRRmP4Wcd8v25uViKcag\""},{"name":"Date","value":"Tue, 12 May 2026 21:54:34 GMT"},{"name":"Connection","value":"keep-alive"},{"name":"Keep-Alive","value":"timeout=5"}],"body":"<Buffer>","fetchUid":"d392a5b0e0bf7013dddfa420b3f816a9"}}}
{"type":"before","callId":"call@17","startTime":4255.96,"class":"APIRequestContext","method":"fetch","params":{"url":"http://127.0.0.1:3000/jobs/job-1778622873918-405","method":"GET","timeout":0},"stepId":"pw:api@48"}
{"type":"log","callId":"call@17","time":4256.818,"message":"→ GET http://127.0.0.1:3000/jobs/job-1778622873918-405"}
{"type":"log","callId":"call@17","time":4256.842,"message":"  user-agent: Playwright/1.60.0 (x64; windows 10.0) node/24.15"}
{"type":"log","callId":"call@17","time":4256.849,"message":"  accept: */*"}
{"type":"log","callId":"call@17","time":4256.854,"message":"  accept-encoding: gzip,deflate,br"}
{"type":"log","callId":"call@17","time":4259.235,"message":"← 200 OK"}
{"type":"log","callId":"call@17","time":4259.257,"message":"  x-powered-by: Express"}
{"type":"log","callId":"call@17","time":4259.264,"message":"  access-control-allow-origin: *"}
{"type":"log","callId":"call@17","time":4259.27,"message":"  content-type: application/json; charset=utf-8"}
{"type":"log","callId":"call@17","time":4259.275,"message":"  content-length: 97"}
{"type":"log","callId":"call@17","time":4259.28,"message":"  etag: W/\"61-E2UTQ0clRRmP4Wcd8v25uViKcag\""}
{"type":"log","callId":"call@17","time":4259.285,"message":"  date: Tue, 12 May 2026 21:54:37 GMT"}
{"type":"log","callId":"call@17","time":4259.29,"message":"  connection: keep-alive"}
{"type":"log","callId":"call@17","time":4259.295,"message":"  keep-alive: timeout=5"}
{"type":"after","callId":"call@17","endTime":4259.432,"result":{"response":{"url":"http://127.0.0.1:3000/jobs/job-1778622873918-405","status":200,"statusText":"OK","headers":[{"name":"X-Powered-By","value":"Express"},{"name":"Access-Control-Allow-Origin","value":"*"},{"name":"Content-Type","value":"application/json; charset=utf-8"},{"name":"Content-Length","value":"97"},{"name":"ETag","value":"W/\"61-E2UTQ0clRRmP4Wcd8v25uViKcag\""},{"name":"Date","value":"Tue, 12 May 2026 21:54:37 GMT"},{"name":"Connection","value":"keep-alive"},{"name":"Keep-Alive","value":"timeout=5"}],"body":"<Buffer>","fetchUid":"495d0a228566180baf8a5f4c84d96a16"}}}
{"type":"before","callId":"call@20","startTime":6280.08,"class":"APIRequestContext","method":"fetch","params":{"url":"http://127.0.0.1:3000/jobs/job-1778622873918-405","method":"GET","timeout":0},"stepId":"pw:api@50"}
{"type":"log","callId":"call@20","time":6280.921,"message":"→ GET http://127.0.0.1:3000/jobs/job-1778622873918-405"}
{"type":"log","callId":"call@20","time":6280.944,"message":"  user-agent: Playwright/1.60.0 (x64; windows 10.0) node/24.15"}
{"type":"log","callId":"call@20","time":6280.952,"message":"  accept: */*"}
{"type":"log","callId":"call@20","time":6280.954,"message":"  accept-encoding: gzip,deflate,br"}
{"type":"log","callId":"call@20","time":6283.348,"message":"← 200 OK"}
{"type":"log","callId":"call@20","time":6283.36,"message":"  x-powered-by: Express"}
{"type":"log","callId":"call@20","time":6283.366,"message":"  access-control-allow-origin: *"}
{"type":"log","callId":"call@20","time":6283.37,"message":"  content-type: application/json; charset=utf-8"}
{"type":"log","callId":"call@20","time":6283.374,"message":"  content-length: 96"}
{"type":"log","callId":"call@20","time":6283.378,"message":"  etag: W/\"60-kOpvcSl82dq1tnB4JUdZeMP0D+0\""}
{"type":"log","callId":"call@20","time":6283.382,"message":"  date: Tue, 12 May 2026 21:54:39 GMT"}
{"type":"log","callId":"call@20","time":6283.386,"message":"  connection: keep-alive"}
{"type":"log","callId":"call@20","time":6283.39,"message":"  keep-alive: timeout=5"}
{"type":"after","callId":"call@20","endTime":6283.491,"result":{"response":{"url":"http://127.0.0.1:3000/jobs/job-1778622873918-405","status":200,"statusText":"OK","headers":[{"name":"X-Powered-By","value":"Express"},{"name":"Access-Control-Allow-Origin","value":"*"},{"name":"Content-Type","value":"application/json; charset=utf-8"},{"name":"Content-Length","value":"96"},{"name":"ETag","value":"W/\"60-kOpvcSl82dq1tnB4JUdZeMP0D+0\""},{"name":"Date","value":"Tue, 12 May 2026 21:54:39 GMT"},{"name":"Connection","value":"keep-alive"},{"name":"Keep-Alive","value":"timeout=5"}],"body":"<Buffer>","fetchUid":"5060dc09e3a9aad1c3def34df324f16a"}}}
{"type":"before","callId":"call@23","startTime":6287.688,"class":"APIRequestContext","method":"fetch","params":{"url":"http://127.0.0.1:3000/artifacts/artifact-1778622873918-573","method":"GET","timeout":0},"stepId":"pw:api@53"}
{"type":"log","callId":"call@23","time":6288.061,"message":"→ GET http://127.0.0.1:3000/artifacts/artifact-1778622873918-573"}
{"type":"log","callId":"call@23","time":6288.071,"message":"  user-agent: Playwright/1.60.0 (x64; windows 10.0) node/24.15"}
{"type":"log","callId":"call@23","time":6288.074,"message":"  accept: */*"}
{"type":"log","callId":"call@23","time":6288.085,"message":"  accept-encoding: gzip,deflate,br"}
{"type":"log","callId":"call@23","time":6289.446,"message":"← 200 OK"}
{"type":"log","callId":"call@23","time":6289.454,"message":"  x-powered-by: Express"}
{"type":"log","callId":"call@23","time":6289.457,"message":"  access-control-allow-origin: *"}
{"type":"log","callId":"call@23","time":6289.468,"message":"  content-type: application/json; charset=utf-8"}
{"type":"log","callId":"call@23","time":6289.471,"message":"  content-length: 191"}
{"type":"log","callId":"call@23","time":6289.473,"message":"  etag: W/\"bf-x2AV/9+8h7UvlWIG6SyO+IOqiiI\""}
{"type":"log","callId":"call@23","time":6289.477,"message":"  date: Tue, 12 May 2026 21:54:39 GMT"}
{"type":"log","callId":"call@23","time":6289.479,"message":"  connection: keep-alive"}
{"type":"log","callId":"call@23","time":6289.482,"message":"  keep-alive: timeout=5"}
{"type":"after","callId":"call@23","endTime":6289.572,"result":{"response":{"url":"http://127.0.0.1:3000/artifacts/artifact-1778622873918-573","status":200,"statusText":"OK","headers":[{"name":"X-Powered-By","value":"Express"},{"name":"Access-Control-Allow-Origin","value":"*"},{"name":"Content-Type","value":"application/json; charset=utf-8"},{"name":"Content-Length","value":"191"},{"name":"ETag","value":"W/\"bf-x2AV/9+8h7UvlWIG6SyO+IOqiiI\""},{"name":"Date","value":"Tue, 12 May 2026 21:54:39 GMT"},{"name":"Connection","value":"keep-alive"},{"name":"Keep-Alive","value":"timeout=5"}],"body":"<Buffer>","fetchUid":"505cf9d1c484b393cfe5c2c0d8b49877"}}}
{"type":"before","callId":"call@26","startTime":6302.326,"class":"APIRequestContext","method":"fetch","params":{"url":"http://127.0.0.1:3000/artifacts/artifact-1778622873918-573/download","method":"GET","timeout":0},"stepId":"pw:api@57"}
{"type":"log","callId":"call@26","time":6302.82,"message":"→ GET http://127.0.0.1:3000/artifacts/artifact-1778622873918-573/download"}
{"type":"log","callId":"call@26","time":6302.832,"message":"  user-agent: Playwright/1.60.0 (x64; windows 10.0) node/24.15"}
{"type":"log","callId":"call@26","time":6302.835,"message":"  accept: */*"}
{"type":"log","callId":"call@26","time":6302.837,"message":"  accept-encoding: gzip,deflate,br"}
{"type":"log","callId":"call@26","time":6313.301,"message":"← 200 OK"}
{"type":"log","callId":"call@26","time":6313.327,"message":"  x-powered-by: Express"}
{"type":"log","callId":"call@26","time":6313.335,"message":"  access-control-allow-origin: *"}
{"type":"log","callId":"call@26","time":6313.34,"message":"  content-disposition: attachment; filename=\"artifact-1778622873918-573-report.txt\""}
{"type":"log","callId":"call@26","time":6313.345,"message":"  accept-ranges: bytes"}
{"type":"log","callId":"call@26","time":6313.362,"message":"  cache-control: public, max-age=0"}
{"type":"log","callId":"call@26","time":6313.368,"message":"  last-modified: Tue, 12 May 2026 21:54:38 GMT"}
{"type":"log","callId":"call@26","time":6313.372,"message":"  etag: W/\"7e-19e1e2f54f3\""}
{"type":"log","callId":"call@26","time":6313.376,"message":"  content-type: text/plain; charset=utf-8"}
{"type":"log","callId":"call@26","time":6313.379,"message":"  content-length: 126"}
{"type":"log","callId":"call@26","time":6313.385,"message":"  date: Tue, 12 May 2026 21:54:39 GMT"}
{"type":"log","callId":"call@26","time":6313.39,"message":"  connection: keep-alive"}
{"type":"log","callId":"call@26","time":6313.398,"message":"  keep-alive: timeout=5"}
{"type":"after","callId":"call@26","endTime":6313.558,"result":{"response":{"url":"http://127.0.0.1:3000/artifacts/artifact-1778622873918-573/download","status":200,"statusText":"OK","headers":[{"name":"X-Powered-By","value":"Express"},{"name":"Access-Control-Allow-Origin","value":"*"},{"name":"Content-Disposition","value":"attachment; filename=\"artifact-1778622873918-573-report.txt\""},{"name":"Accept-Ranges","value":"bytes"},{"name":"Cache-Control","value":"public, max-age=0"},{"name":"Last-Modified","value":"Tue, 12 May 2026 21:54:38 GMT"},{"name":"ETag","value":"W/\"7e-19e1e2f54f3\""},{"name":"Content-Type","value":"text/plain; charset=utf-8"},{"name":"Content-Length","value":"126"},{"name":"Date","value":"Tue, 12 May 2026 21:54:39 GMT"},{"name":"Connection","value":"keep-alive"},{"name":"Keep-Alive","value":"timeout=5"}],"body":"<Buffer>","fetchUid":"2bb8e6164aa09759a56130db5b2ffab3"}}}
